// Jest Snapshot v1, https://goo.gl/fbAQLP

exports[`Button Snapshot and onClick 1`] = `
<button
  onClick={[Function]}
>
  press-me
</button>
`;

exports[`Button Snapshot and onClick 2`] = `
<button
  onClick={[Function]}
>
  press-me
</button>
`;
